1
2
Zigg
4
Zagg
Zigg
7
8
Zigg
Zagg
11
Zigg
13
14
ZiggZagg
16
